<?xml version="1.0" encoding="UTF-8"?>
<!DOCTYPE mapper PUBLIC "-//mybatis.org//DTD Mapper 3.0//EN" "http://mybatis.org/dtd/mybatis-3-mapper.dtd">
<mapper namespace="com.golden.seed.dao.LandTableMapper">
  <resultMap id="BaseResultMap" type="com.golden.seed.pojo.LandTable">
    <id column="id" jdbcType="INTEGER" property="id" />
    <result column="farmer_id" jdbcType="VARCHAR" property="farmerId" />
    <result column="land_address" jdbcType="VARCHAR" property="landAddress" />
    <result column="land_id" jdbcType="VARCHAR" property="landId" />
  </resultMap>
  <sql id="Example_Where_Clause">
    <where>
      <foreach collection="oredCriteria" item="criteria" separator="or">
        <if test="criteria.valid">
          <trim prefix="(" prefixOverrides="and" suffix=")">
            <foreach collection="criteria.criteria" item="criterion">
              <choose>
                <when test="criterion.noValue">
                  and ${criterion.condition}
                </when>
                <when test="criterion.singleValue">
                  and ${criterion.condition} #{criterion.value}
                </when>
                <when test="criterion.betweenValue">
                  and ${criterion.condition} #{criterion.value} and #{criterion.secondValue}
                </when>
                <when test="criterion.listValue">
                  and ${criterion.condition}
                  <foreach close=")" collection="criterion.value" item="listItem" open="(" separator=",">
                    #{listItem}
                  </foreach>
                </when>
              </choose>
            </foreach>
          </trim>
        </if>
      </foreach>
    </where>
  </sql>
  <sql id="Update_By_Example_Where_Clause">
    <where>
      <foreach collection="example.oredCriteria" item="criteria" separator="or">
        <if test="criteria.valid">
          <trim prefix="(" prefixOverrides="and" suffix=")">
            <foreach collection="criteria.criteria" item="criterion">
              <choose>
                <when test="criterion.noValue">
                  and ${criterion.condition}
                </when>
                <when test="criterion.singleValue">
                  and ${criterion.condition} #{criterion.value}
                </when>
                <when test="criterion.betweenValue">
                  and ${criterion.condition} #{criterion.value} and #{criterion.secondValue}
                </when>
                <when test="criterion.listValue">
                  and ${criterion.condition}
                  <foreach close=")" collection="criterion.value" item="listItem" open="(" separator=",">
                    #{listItem}
                  </foreach>
                </when>
              </choose>
            </foreach>
          </trim>
        </if>
      </foreach>
    </where>
  </sql>
  <sql id="Base_Column_List">
    id, farmer_id, land_address, land_id
  </sql>
  <select id="selectByExample" parameterType="com.golden.seed.pojo.LandTableExample" resultMap="BaseResultMap">
    select
    <if test="distinct">
      distinct
    </if>
    <include refid="Base_Column_List" />
    from land_table
    <if test="_parameter != null">
      <include refid="Example_Where_Clause" />
    </if>
    <if test="orderByClause != null">
      order by ${orderByClause}
    </if>
  </select>
  <select id="selectByPrimaryKey" parameterType="java.lang.Integer" resultMap="BaseResultMap">
    select 
    <include refid="Base_Column_List" />
    from land_table
    where id = #{id,jdbcType=INTEGER}
  </select>
  <delete id="deleteByPrimaryKey" parameterType="java.lang.Integer">
    delete from land_table
    where id = #{id,jdbcType=INTEGER}
  </delete>
  <delete id="deleteByExample" parameterType="com.golden.seed.pojo.LandTableExample">
    delete from land_table
    <if test="_parameter != null">
      <include refid="Example_Where_Clause" />
    </if>
  </delete>
  <insert id="insert" parameterType="com.golden.seed.pojo.LandTable">
    insert into land_table (id, farmer_id, land_address, 
      land_id)
    values (#{id,jdbcType=INTEGER}, #{farmerId,jdbcType=VARCHAR}, #{landAddress,jdbcType=VARCHAR}, 
      #{landId,jdbcType=VARCHAR})
  </insert>
  <insert id="insertSelective" parameterType="com.golden.seed.pojo.LandTable">
    insert into land_table
    <trim prefix="(" suffix=")" suffixOverrides=",">
      <if test="id != null">
        id,
      </if>
      <if test="farmerId != null">
        farmer_id,
      </if>
      <if test="landAddress != null">
        land_address,
      </if>
      <if test="landId != null">
        land_id,
      </if>
    </trim>
    <trim prefix="values (" suffix=")" suffixOverrides=",">
      <if test="id != null">
        #{id,jdbcType=INTEGER},
      </if>
      <if test="farmerId != null">
        #{farmerId,jdbcType=VARCHAR},
      </if>
      <if test="landAddress != null">
        #{landAddress,jdbcType=VARCHAR},
      </if>
      <if test="landId != null">
        #{landId,jdbcType=VARCHAR},
      </if>
    </trim>
  </insert>
  <select id="countByExample" parameterType="com.golden.seed.pojo.LandTableExample" resultType="java.lang.Long">
    select count(*) from land_table
    <if test="_parameter != null">
      <include refid="Example_Where_Clause" />
    </if>
  </select>
  <update id="updateByExampleSelective" parameterType="map">
    update land_table
    <set>
      <if test="record.id != null">
        id = #{record.id,jdbcType=INTEGER},
      </if>
      <if test="record.farmerId != null">
        farmer_id = #{record.farmerId,jdbcType=VARCHAR},
      </if>
      <if test="record.landAddress != null">
        land_address = #{record.landAddress,jdbcType=VARCHAR},
      </if>
      <if test="record.landId != null">
        land_id = #{record.landId,jdbcType=VARCHAR},
      </if>
    </set>
    <if test="_parameter != null">
      <include refid="Update_By_Example_Where_Clause" />
    </if>
  </update>
  <update id="updateByExample" parameterType="map">
    update land_table
    set id = #{record.id,jdbcType=INTEGER},
      farmer_id = #{record.farmerId,jdbcType=VARCHAR},
      land_address = #{record.landAddress,jdbcType=VARCHAR},
      land_id = #{record.landId,jdbcType=VARCHAR}
    <if test="_parameter != null">
      <include refid="Update_By_Example_Where_Clause" />
    </if>
  </update>
  <update id="updateByPrimaryKeySelective" parameterType="com.golden.seed.pojo.LandTable">
    update land_table
    <set>
      <if test="farmerId != null">
        farmer_id = #{farmerId,jdbcType=VARCHAR},
      </if>
      <if test="landAddress != null">
        land_address = #{landAddress,jdbcType=VARCHAR},
      </if>
      <if test="landId != null">
        land_id = #{landId,jdbcType=VARCHAR},
      </if>
    </set>
    where id = #{id,jdbcType=INTEGER}
  </update>
  <update id="updateByPrimaryKey" parameterType="com.golden.seed.pojo.LandTable">
    update land_table
    set farmer_id = #{farmerId,jdbcType=VARCHAR},
      land_address = #{landAddress,jdbcType=VARCHAR},
      land_id = #{landId,jdbcType=VARCHAR}
    where id = #{id,jdbcType=INTEGER}
  </update>
</mapper>