<?xml version="1.0" encoding="UTF-8"?>
<!DOCTYPE mapper PUBLIC "-//mybatis.org//DTD Mapper 3.0//EN" "http://mybatis.org/dtd/mybatis-3-mapper.dtd">
<mapper namespace="com.golden.seed.dao.SeedTableMapper">
  <resultMap id="BaseResultMap" type="com.golden.seed.pojo.SeedTable">
    <id column="id" jdbcType="INTEGER" property="id" />
    <result column="seed_code" jdbcType="VARCHAR" property="seedCode" />
    <result column="seed_traceability" jdbcType="VARCHAR" property="seedTraceability" />
    <result column="farmer_id" jdbcType="VARCHAR" property="farmerId" />
    <result column="seed_name" jdbcType="VARCHAR" property="seedName" />
    <result column="storage_time" jdbcType="TIMESTAMP" property="storageTime" />
  </resultMap>
  <sql id="Example_Where_Clause">
    <where>
      <foreach collection="oredCriteria" item="criteria" separator="or">
        <if test="criteria.valid">
          <trim prefix="(" prefixOverrides="and" suffix=")">
            <foreach collection="criteria.criteria" item="criterion">
              <choose>
                <when test="criterion.noValue">
                  and ${criterion.condition}
                </when>
                <when test="criterion.singleValue">
                  and ${criterion.condition} #{criterion.value}
                </when>
                <when test="criterion.betweenValue">
                  and ${criterion.condition} #{criterion.value} and #{criterion.secondValue}
                </when>
                <when test="criterion.listValue">
                  and ${criterion.condition}
                  <foreach close=")" collection="criterion.value" item="listItem" open="(" separator=",">
                    #{listItem}
                  </foreach>
                </when>
              </choose>
            </foreach>
          </trim>
        </if>
      </foreach>
    </where>
  </sql>
  <sql id="Update_By_Example_Where_Clause">
    <where>
      <foreach collection="example.oredCriteria" item="criteria" separator="or">
        <if test="criteria.valid">
          <trim prefix="(" prefixOverrides="and" suffix=")">
            <foreach collection="criteria.criteria" item="criterion">
              <choose>
                <when test="criterion.noValue">
                  and ${criterion.condition}
                </when>
                <when test="criterion.singleValue">
                  and ${criterion.condition} #{criterion.value}
                </when>
                <when test="criterion.betweenValue">
                  and ${criterion.condition} #{criterion.value} and #{criterion.secondValue}
                </when>
                <when test="criterion.listValue">
                  and ${criterion.condition}
                  <foreach close=")" collection="criterion.value" item="listItem" open="(" separator=",">
                    #{listItem}
                  </foreach>
                </when>
              </choose>
            </foreach>
          </trim>
        </if>
      </foreach>
    </where>
  </sql>
  <sql id="Base_Column_List">
    id, seed_code, seed_traceability, farmer_id, seed_name, storage_time
  </sql>
  <select id="selectByExample" parameterType="com.golden.seed.pojo.SeedTableExample" resultMap="BaseResultMap">
    select
    <if test="distinct">
      distinct
    </if>
    <include refid="Base_Column_List" />
    from seed_table
    <if test="_parameter != null">
      <include refid="Example_Where_Clause" />
    </if>
    <if test="orderByClause != null">
      order by ${orderByClause}
    </if>
  </select>
  <select id="selectByPrimaryKey" parameterType="java.lang.Integer" resultMap="BaseResultMap">
    select 
    <include refid="Base_Column_List" />
    from seed_table
    where id = #{id,jdbcType=INTEGER}
  </select>
  <delete id="deleteByPrimaryKey" parameterType="java.lang.Integer">
    delete from seed_table
    where id = #{id,jdbcType=INTEGER}
  </delete>
  <delete id="deleteByExample" parameterType="com.golden.seed.pojo.SeedTableExample">
    delete from seed_table
    <if test="_parameter != null">
      <include refid="Example_Where_Clause" />
    </if>
  </delete>
  <insert id="insert" parameterType="com.golden.seed.pojo.SeedTable">
    insert into seed_table (id, seed_code, seed_traceability, 
      farmer_id, seed_name, storage_time
      )
    values (#{id,jdbcType=INTEGER}, #{seedCode,jdbcType=VARCHAR}, #{seedTraceability,jdbcType=VARCHAR}, 
      #{farmerId,jdbcType=VARCHAR}, #{seedName,jdbcType=VARCHAR}, #{storageTime,jdbcType=TIMESTAMP}
      )
  </insert>
  <insert id="insertSelective" parameterType="com.golden.seed.pojo.SeedTable">
    insert into seed_table
    <trim prefix="(" suffix=")" suffixOverrides=",">
      <if test="id != null">
        id,
      </if>
      <if test="seedCode != null">
        seed_code,
      </if>
      <if test="seedTraceability != null">
        seed_traceability,
      </if>
      <if test="farmerId != null">
        farmer_id,
      </if>
      <if test="seedName != null">
        seed_name,
      </if>
      <if test="storageTime != null">
        storage_time,
      </if>
    </trim>
    <trim prefix="values (" suffix=")" suffixOverrides=",">
      <if test="id != null">
        #{id,jdbcType=INTEGER},
      </if>
      <if test="seedCode != null">
        #{seedCode,jdbcType=VARCHAR},
      </if>
      <if test="seedTraceability != null">
        #{seedTraceability,jdbcType=VARCHAR},
      </if>
      <if test="farmerId != null">
        #{farmerId,jdbcType=VARCHAR},
      </if>
      <if test="seedName != null">
        #{seedName,jdbcType=VARCHAR},
      </if>
      <if test="storageTime != null">
        #{storageTime,jdbcType=TIMESTAMP},
      </if>
    </trim>
  </insert>
  <select id="countByExample" parameterType="com.golden.seed.pojo.SeedTableExample" resultType="java.lang.Long">
    select count(*) from seed_table
    <if test="_parameter != null">
      <include refid="Example_Where_Clause" />
    </if>
  </select>
  <update id="updateByExampleSelective" parameterType="map">
    update seed_table
    <set>
      <if test="record.id != null">
        id = #{record.id,jdbcType=INTEGER},
      </if>
      <if test="record.seedCode != null">
        seed_code = #{record.seedCode,jdbcType=VARCHAR},
      </if>
      <if test="record.seedTraceability != null">
        seed_traceability = #{record.seedTraceability,jdbcType=VARCHAR},
      </if>
      <if test="record.farmerId != null">
        farmer_id = #{record.farmerId,jdbcType=VARCHAR},
      </if>
      <if test="record.seedName != null">
        seed_name = #{record.seedName,jdbcType=VARCHAR},
      </if>
      <if test="record.storageTime != null">
        storage_time = #{record.storageTime,jdbcType=TIMESTAMP},
      </if>
    </set>
    <if test="_parameter != null">
      <include refid="Update_By_Example_Where_Clause" />
    </if>
  </update>
  <update id="updateByExample" parameterType="map">
    update seed_table
    set id = #{record.id,jdbcType=INTEGER},
      seed_code = #{record.seedCode,jdbcType=VARCHAR},
      seed_traceability = #{record.seedTraceability,jdbcType=VARCHAR},
      farmer_id = #{record.farmerId,jdbcType=VARCHAR},
      seed_name = #{record.seedName,jdbcType=VARCHAR},
      storage_time = #{record.storageTime,jdbcType=TIMESTAMP}
    <if test="_parameter != null">
      <include refid="Update_By_Example_Where_Clause" />
    </if>
  </update>
  <update id="updateByPrimaryKeySelective" parameterType="com.golden.seed.pojo.SeedTable">
    update seed_table
    <set>
      <if test="seedCode != null">
        seed_code = #{seedCode,jdbcType=VARCHAR},
      </if>
      <if test="seedTraceability != null">
        seed_traceability = #{seedTraceability,jdbcType=VARCHAR},
      </if>
      <if test="farmerId != null">
        farmer_id = #{farmerId,jdbcType=VARCHAR},
      </if>
      <if test="seedName != null">
        seed_name = #{seedName,jdbcType=VARCHAR},
      </if>
      <if test="storageTime != null">
        storage_time = #{storageTime,jdbcType=TIMESTAMP},
      </if>
    </set>
    where id = #{id,jdbcType=INTEGER}
  </update>
  <update id="updateByPrimaryKey" parameterType="com.golden.seed.pojo.SeedTable">
    update seed_table
    set seed_code = #{seedCode,jdbcType=VARCHAR},
      seed_traceability = #{seedTraceability,jdbcType=VARCHAR},
      farmer_id = #{farmerId,jdbcType=VARCHAR},
      seed_name = #{seedName,jdbcType=VARCHAR},
      storage_time = #{storageTime,jdbcType=TIMESTAMP}
    where id = #{id,jdbcType=INTEGER}
  </update>
</mapper>