<?xml version="1.0" encoding="UTF-8"?>
<!DOCTYPE mapper PUBLIC "-//mybatis.org//DTD Mapper 3.0//EN" "http://mybatis.org/dtd/mybatis-3-mapper.dtd">
<mapper namespace="com.golden.seed.dao.CompanyTableMapper">
  <resultMap id="BaseResultMap" type="com.golden.seed.pojo.CompanyTable">
    <id column="id" jdbcType="INTEGER" property="id" />
    <result column="company_address" jdbcType="VARCHAR" property="companyAddress" />
    <result column="company_id" jdbcType="VARCHAR" property="companyId" />
    <result column="company_name" jdbcType="VARCHAR" property="companyName" />
    <result column="company_telephone" jdbcType="VARCHAR" property="companyTelephone" />
    <result column="password" jdbcType="VARCHAR" property="password" />
    <result column="password_id" jdbcType="VARCHAR" property="passwordId" />
    <result column="password_tel" jdbcType="VARCHAR" property="passwordTel" />
  </resultMap>
  <sql id="Example_Where_Clause">
    <where>
      <foreach collection="oredCriteria" item="criteria" separator="or">
        <if test="criteria.valid">
          <trim prefix="(" prefixOverrides="and" suffix=")">
            <foreach collection="criteria.criteria" item="criterion">
              <choose>
                <when test="criterion.noValue">
                  and ${criterion.condition}
                </when>
                <when test="criterion.singleValue">
                  and ${criterion.condition} #{criterion.value}
                </when>
                <when test="criterion.betweenValue">
                  and ${criterion.condition} #{criterion.value} and #{criterion.secondValue}
                </when>
                <when test="criterion.listValue">
                  and ${criterion.condition}
                  <foreach close=")" collection="criterion.value" item="listItem" open="(" separator=",">
                    #{listItem}
                  </foreach>
                </when>
              </choose>
            </foreach>
          </trim>
        </if>
      </foreach>
    </where>
  </sql>
  <sql id="Update_By_Example_Where_Clause">
    <where>
      <foreach collection="example.oredCriteria" item="criteria" separator="or">
        <if test="criteria.valid">
          <trim prefix="(" prefixOverrides="and" suffix=")">
            <foreach collection="criteria.criteria" item="criterion">
              <choose>
                <when test="criterion.noValue">
                  and ${criterion.condition}
                </when>
                <when test="criterion.singleValue">
                  and ${criterion.condition} #{criterion.value}
                </when>
                <when test="criterion.betweenValue">
                  and ${criterion.condition} #{criterion.value} and #{criterion.secondValue}
                </when>
                <when test="criterion.listValue">
                  and ${criterion.condition}
                  <foreach close=")" collection="criterion.value" item="listItem" open="(" separator=",">
                    #{listItem}
                  </foreach>
                </when>
              </choose>
            </foreach>
          </trim>
        </if>
      </foreach>
    </where>
  </sql>
  <sql id="Base_Column_List">
    id, company_address, company_id, company_name, company_telephone, password, password_id, 
    password_tel
  </sql>
  <select id="selectByExample" parameterType="com.golden.seed.pojo.CompanyTableExample" resultMap="BaseResultMap">
    select
    <if test="distinct">
      distinct
    </if>
    <include refid="Base_Column_List" />
    from conpany_table
    <if test="_parameter != null">
      <include refid="Example_Where_Clause" />
    </if>
    <if test="orderByClause != null">
      order by ${orderByClause}
    </if>
  </select>
  <select id="selectByPrimaryKey" parameterType="java.lang.Integer" resultMap="BaseResultMap">
    select 
    <include refid="Base_Column_List" />
    from conpany_table
    where id = #{id,jdbcType=INTEGER}
  </select>
  <delete id="deleteByPrimaryKey" parameterType="java.lang.Integer">
    delete from conpany_table
    where id = #{id,jdbcType=INTEGER}
  </delete>
  <delete id="deleteByExample" parameterType="com.golden.seed.pojo.CompanyTableExample">
    delete from conpany_table
    <if test="_parameter != null">
      <include refid="Example_Where_Clause" />
    </if>
  </delete>
  <insert id="insert" parameterType="com.golden.seed.pojo.CompanyTable">
    insert into conpany_table (id, company_address, company_id, 
      company_name, company_telephone, password, 
      password_id, password_tel)
    values (#{id,jdbcType=INTEGER}, #{companyAddress,jdbcType=VARCHAR}, #{companyId,jdbcType=VARCHAR}, 
      #{companyName,jdbcType=VARCHAR}, #{companyTelephone,jdbcType=VARCHAR}, #{password,jdbcType=VARCHAR}, 
      #{passwordId,jdbcType=VARCHAR}, #{passwordTel,jdbcType=VARCHAR})
  </insert>
  <insert id="insertSelective" parameterType="com.golden.seed.pojo.CompanyTable">
    insert into conpany_table
    <trim prefix="(" suffix=")" suffixOverrides=",">
      <if test="id != null">
        id,
      </if>
      <if test="companyAddress != null">
        company_address,
      </if>
      <if test="companyId != null">
        company_id,
      </if>
      <if test="companyName != null">
        company_name,
      </if>
      <if test="companyTelephone != null">
        company_telephone,
      </if>
      <if test="password != null">
        password,
      </if>
      <if test="passwordId != null">
        password_id,
      </if>
      <if test="passwordTel != null">
        password_tel,
      </if>
    </trim>
    <trim prefix="values (" suffix=")" suffixOverrides=",">
      <if test="id != null">
        #{id,jdbcType=INTEGER},
      </if>
      <if test="companyAddress != null">
        #{companyAddress,jdbcType=VARCHAR},
      </if>
      <if test="companyId != null">
        #{companyId,jdbcType=VARCHAR},
      </if>
      <if test="companyName != null">
        #{companyName,jdbcType=VARCHAR},
      </if>
      <if test="companyTelephone != null">
        #{companyTelephone,jdbcType=VARCHAR},
      </if>
      <if test="password != null">
        #{password,jdbcType=VARCHAR},
      </if>
      <if test="passwordId != null">
        #{passwordId,jdbcType=VARCHAR},
      </if>
      <if test="passwordTel != null">
        #{passwordTel,jdbcType=VARCHAR},
      </if>
    </trim>
  </insert>
  <select id="countByExample" parameterType="com.golden.seed.pojo.CompanyTableExample" resultType="java.lang.Long">
    select count(*) from conpany_table
    <if test="_parameter != null">
      <include refid="Example_Where_Clause" />
    </if>
  </select>
  <update id="updateByExampleSelective" parameterType="map">
    update conpany_table
    <set>
      <if test="record.id != null">
        id = #{record.id,jdbcType=INTEGER},
      </if>
      <if test="record.companyAddress != null">
        company_address = #{record.companyAddress,jdbcType=VARCHAR},
      </if>
      <if test="record.companyId != null">
        company_id = #{record.companyId,jdbcType=VARCHAR},
      </if>
      <if test="record.companyName != null">
        company_name = #{record.companyName,jdbcType=VARCHAR},
      </if>
      <if test="record.companyTelephone != null">
        company_telephone = #{record.companyTelephone,jdbcType=VARCHAR},
      </if>
      <if test="record.password != null">
        password = #{record.password,jdbcType=VARCHAR},
      </if>
      <if test="record.passwordId != null">
        password_id = #{record.passwordId,jdbcType=VARCHAR},
      </if>
      <if test="record.passwordTel != null">
        password_tel = #{record.passwordTel,jdbcType=VARCHAR},
      </if>
    </set>
    <if test="_parameter != null">
      <include refid="Update_By_Example_Where_Clause" />
    </if>
  </update>
  <update id="updateByExample" parameterType="map">
    update conpany_table
    set id = #{record.id,jdbcType=INTEGER},
      company_address = #{record.companyAddress,jdbcType=VARCHAR},
      company_id = #{record.companyId,jdbcType=VARCHAR},
      company_name = #{record.companyName,jdbcType=VARCHAR},
      company_telephone = #{record.companyTelephone,jdbcType=VARCHAR},
      password = #{record.password,jdbcType=VARCHAR},
      password_id = #{record.passwordId,jdbcType=VARCHAR},
      password_tel = #{record.passwordTel,jdbcType=VARCHAR}
    <if test="_parameter != null">
      <include refid="Update_By_Example_Where_Clause" />
    </if>
  </update>
  <update id="updateByPrimaryKeySelective" parameterType="com.golden.seed.pojo.CompanyTable">
    update conpany_table
    <set>
      <if test="companyAddress != null">
        company_address = #{companyAddress,jdbcType=VARCHAR},
      </if>
      <if test="companyId != null">
        company_id = #{companyId,jdbcType=VARCHAR},
      </if>
      <if test="companyName != null">
        company_name = #{companyName,jdbcType=VARCHAR},
      </if>
      <if test="companyTelephone != null">
        company_telephone = #{companyTelephone,jdbcType=VARCHAR},
      </if>
      <if test="password != null">
        password = #{password,jdbcType=VARCHAR},
      </if>
      <if test="passwordId != null">
        password_id = #{passwordId,jdbcType=VARCHAR},
      </if>
      <if test="passwordTel != null">
        password_tel = #{passwordTel,jdbcType=VARCHAR},
      </if>
    </set>
    where id = #{id,jdbcType=INTEGER}
  </update>
  <update id="updateByPrimaryKey" parameterType="com.golden.seed.pojo.CompanyTable">
    update conpany_table
    set company_address = #{companyAddress,jdbcType=VARCHAR},
      company_id = #{companyId,jdbcType=VARCHAR},
      company_name = #{companyName,jdbcType=VARCHAR},
      company_telephone = #{companyTelephone,jdbcType=VARCHAR},
      password = #{password,jdbcType=VARCHAR},
      password_id = #{passwordId,jdbcType=VARCHAR},
      password_tel = #{passwordTel,jdbcType=VARCHAR}
    where id = #{id,jdbcType=INTEGER}
  </update>
</mapper>