<?xml version="1.0" encoding="UTF-8"?>
<!DOCTYPE mapper PUBLIC "-//mybatis.org//DTD Mapper 3.0//EN" "http://mybatis.org/dtd/mybatis-3-mapper.dtd">
<mapper namespace="com.golden.seed.dao.MyCompanyTableMapper">
  <resultMap id="BaseResultMap" type="com.golden.seed.pojo.CompanyTable">
    <id column="id" jdbcType="INTEGER" property="id" />
    <result column="company_address" jdbcType="VARCHAR" property="companyAddress" />
    <result column="company_id" jdbcType="VARCHAR" property="companyId" />
    <result column="company_name" jdbcType="VARCHAR" property="companyName" />
    <result column="company_telephone" jdbcType="VARCHAR" property="companyTelephone" />
    <result column="password" jdbcType="VARCHAR" property="password" />
    <result column="password_id" jdbcType="VARCHAR" property="passwordId" />
    <result column="password_tel" jdbcType="VARCHAR" property="passwordTel" />
  </resultMap>
  
  <sql id="Base_Column_List">
    id, company_address, company_id, company_name, company_telephone, password, password_id, 
    password_tel
  </sql>

  <select id="selectCompanyByCompanyName" parameterType="java.lang.String" resultMap="BaseResultMap">
    select 
    <include refid="Base_Column_List" />
    from conpany_table
    where company_name = #{companyName }
  </select>
  
  <select id="getCompanyInfo" parameterType="java.lang.String" resultMap="BaseResultMap">
    select 
    <include refid="Base_Column_List" />
    from conpany_table
    where company_id = #{companyId }
  </select>
  
  <select id="getCompanyByCompanyIdAndPssword" parameterType="map" resultMap="BaseResultMap">
    select 
    <include refid="Base_Column_List" />
    from conpany_table
    where company_id = #{companyId } and password = #{password }
  </select>
</mapper>