<?xml version="1.0" encoding="UTF-8"?>
<!DOCTYPE mapper PUBLIC "-//mybatis.org//DTD Mapper 3.0//EN" "http://mybatis.org/dtd/mybatis-3-mapper.dtd">
<mapper namespace="com.golden.seed.dao.MySeedTableMapper">
  <resultMap id="BaseResultMap" type="com.golden.seed.pojo.SeedTable">
    <id column="id" jdbcType="INTEGER" property="id" />
    <result column="seed_code" jdbcType="VARCHAR" property="seedCode" />
    <result column="seed_traceability" jdbcType="VARCHAR" property="seedTraceability" />
    <result column="farmer_id" jdbcType="VARCHAR" property="farmerId" />
    <result column="seed_name" jdbcType="VARCHAR" property="seedName" />
    <result column="storage_time" jdbcType="TIMESTAMP" property="storageTime" />
  </resultMap>
  
  <sql id="Base_Column_List">
    id, seed_code, seed_traceability, farmer_id, seed_name, storage_time
  </sql>
  
  <select id="getSeedByFarmerId" parameterType="java.lang.String" resultMap="BaseResultMap">
    select 
    <include refid="Base_Column_List" />
    from seed_table
    where farmer_id = #{farmerId}
  </select>
  
</mapper>